// Jest Snapshot v1, https://goo.gl/fbAQLP

exports[`Author renders correctly 1`] = `
<div
  className="author"
>
  <a
    href="/"
  >
    <img
      className="author__photo"
      height="75"
      src="/ninypops_profile.jpg"
      width="75"
    />
  </a>
  <h2
    className="author__title"
  >
    <a
      className="author__title-link"
      href="/"
    >
      Nina Limbrick
    </a>
  </h2>
  <p
    className="author__subtitle"
  >
    Front-end developer using React. Currently navigating a pandemic. (she/they)
  </p>
</div>
`;
