// Jest Snapshot v1, https://goo.gl/fbAQLP

exports[`Author renders correctly 1`] = `
<div
  className="author__name"
>
  <p
    className="author__bio"
  >
    Test bio
    <a
      className="author__bio-twitter"
      href="https://www.twitter.com/#"
      rel="noopener noreferrer"
      target="_blank"
    >
      <strong />
       on Twitter
    </a>
  </p>
</div>
`;
